MAP
  NAME ortho
  STATUS ON

  TRANSPARENT OFF

  WEB
    METADATA
      wms_enable_request "*"
      ows_enable_request "*"
    END
  END

  EXTENT 538500 150500 543600 155600

  UNITS METERS
  IMAGETYPE jpeg
  RESOLUTION 254
  #SHAPEPATH "/home/sbrunner/Desktop/"

  PROJECTION
    "init=epsg:21781"
    "init=epsg:3857"
#    "init=epsg:2056"
  END

    SYMBOL
        NAME "square"
        TYPE vector
        POINTS
            0 0
            0 1
            1 1
            1 0
            0 0
        END
        FILLED true
    END

  LAYER
    NAME 'HYDRANT'
    TYPE POINT
    DATA '/home/sbrunner/tmp/test/WA_HYDRANT.shp'
#        PROJECTION
#           "init=epsg:21781"
#        END
        CLASS
            NAME "point"
            STYLE
                SYMBOL "square"
                SIZE 16
                COLOR 0 0 0
                OUTLINECOLOR 0 0 0
            END
        END
  END

  LAYER
    NAME 'ortho'
    TYPE RASTER
    STATUS ON
    DATA "/media/Big/DOP25_2009_1_1.tif"
        PROJECTION
           "init=epsg:21781"
        END
  END

#shp2img -m map.map -i png -o admin.png -e -7419811 -13027781 12619089 17648744 -s 1600 2449 -l admin 
  LAYER
    NAME 'admin'
    TYPE LINE
    CONNECTIONTYPE POSTGIS
    CONNECTION "host=localhost dbname=adminch user=postgres password=postgres"
    DATA "way from (select name, way, osm_id as gid from planet_osm_line where admin_level = '2') as subquery using unique gid using srid=2056"
    CLASS
      STYLE
        COLOR 0 0 0
        WIDTH 0.3
        ANTIALIAS true
      END
    END
  END
END
